
> twist-turbo@0.0.0 storybook C:\dev\web-sdk - Copy
> turbo run storybook "--filter=lines"

• Packages in scope: lines
• Running storybook in 1 packages
• Remote caching disabled
pixi-svelte:build: cache miss, executing 1b57ff4c44364e34
pixi-svelte:build: 
pixi-svelte:build: > pixi-svelte@2.1.0 build C:\dev\web-sdk - Copy\packages\pixi-svelte
pixi-svelte:build: > svelte-package
pixi-svelte:build: 
pixi-svelte:build: src\lib -> dist
lines:storybook: cache miss, executing bedf131b04f7e369
lines:storybook: 
lines:storybook: > lines@0.0.0 storybook C:\dev\web-sdk - Copy\apps\lines
lines:storybook: > PUBLIC_CHROMATIC=true storybook dev -p 6001 public
lines:storybook: 
lines:storybook: 'PUBLIC_CHROMATIC' is not recognized as an internal or external command,
lines:storybook: operable program or batch file.
lines:storybook:  ELIFECYCLE  Command failed with exit code 1.

 Tasks:    1 successful, 2 total
Cached:    0 cached, 2 total
  Time:    6.828s 
Failed:    lines#storybook

 ELIFECYCLE  Command failed with exit code 1.
