[1mstorybook v9.0.15[22m[0m
[0m
info => Serving static files from [36m./.\static[39m at [36m/[39m
info => Starting manager..
info => Starting preview..
╭─────────────────────────────────────────────────────────────────────╮
│                                                                     │
│   [38;2;162;224;94mStorybook [1m9.0.15[22m for [1msveltekit[22m started[39m                            │
│   [90m[4m469 ms[24m for manager and [4m1.3 s[24m for preview[39m                          │
│                                                                     │
│   Local:            [36mhttp://localhost:6001/[39m                          │
│   On your network:  [36mhttp://192.168.3.161:6001/[39m                      │
│                                                                     │
│   [38;2;243;173;56mA new version ([1m10.3.6[22m) is available![39m                              │
│                                                                     │
│   [90mUpgrade now:[39m [38;2;162;224;94mnpx storybook@latest upgrade[39m                         │
│                                                                     │
│   [90mRead full changelog:[39m                                              │
│   [90m[4mhttps://github.com/storybookjs/storybook/blob/main/CHANGELOG.md[24m[39m   │
│                                                                     │
╰─────────────────────────────────────────────────────────────────────╯
